Microchip MPLAB XC8 Compiler V2.41

Linker command line:

-W-3 \
  --edf=C:\Program Files\Microchip\xc8\v2.41\pic\dat\20230208172133_en.msgs \
  -cn -h+dist/default/production\TMR1Counter.production.sym \
  --cmf=dist/default/production\TMR1Counter.production.cmf -z -Q16F1619 \
  -oC:\Users\Arturo\AppData\Local\Temp\xcAskpo.\driver_tmp_3.o \
  --defsym=__MPLAB_BUILD=1 --fixupoverflow=error \
  -Mdist/default/production/TMR1Counter.production.map \
  --md=C:\Users\Arturo\AppData\Local\Temp\xcAskpo.\driver_tmp_0.dat -E1 \
  -ver=XC8 Compiler --acfsm=1493 -ACODE=00h-07FFhx4 -ASTRCODE=00h-01FFFh \
  -ASTRING=00h-0FFhx32 -ACONST=00h-0FFhx32 -AENTRY=00h-0FFhx32 \
  -ACOMMON=070h-07Fh -ABANK0=020h-06Fh -ABANK1=0A0h-0EFh \
  -ABANK2=0120h-016Fh -ABANK3=01A0h-01EFh -ABANK4=0220h-026Fh \
  -ABANK5=02A0h-02EFh -ABANK6=0320h-036Fh -ABANK7=03A0h-03EFh \
  -ABANK8=0420h-046Fh -ABANK9=04A0h-04EFh -ABANK10=0520h-056Fh \
  -ABANK11=05A0h-05EFh -ABANK12=0620h-064Fh -ABIGRAM=02000h-023EFh \
  -ARAM=020h-06Fh,0A0h-0EFh,0120h-016Fh,01A0h-01EFh,0220h-026Fh,02A0h-02EFh,0320h-036Fh,03A0h-03EFh,0420h-046Fh,04A0h-04EFh,0520h-056Fh,05A0h-05EFh,0620h-064Fh \
  -AABS1=020h-07Fh,0A0h-0EFh,0120h-016Fh,01A0h-01EFh,0220h-026Fh,02A0h-02EFh,0320h-036Fh,03A0h-03EFh,0420h-046Fh,04A0h-04EFh,0520h-056Fh,05A0h-05EFh,0620h-064Fh \
  -ASFR0=00h-01Fh -ASFR1=080h-09Fh -ASFR2=0100h-011Fh -ASFR3=0180h-019Fh \
  -ASFR4=0200h-021Fh -ASFR5=0280h-029Fh -ASFR6=0300h-031Fh \
  -ASFR7=0380h-039Fh -ASFR8=0400h-041Fh -ASFR9=0480h-049Fh \
  -ASFR10=0500h-051Fh -ASFR11=0580h-059Fh -ASFR12=0600h-061Fh \
  -ASFR13=0680h-06EFh -ASFR14=0700h-076Fh -ASFR15=0780h-07EFh \
  -ASFR16=0800h-086Fh -ASFR17=0880h-08EFh -ASFR18=0900h-096Fh \
  -ASFR19=0980h-09EFh -ASFR20=0A00h-0A6Fh -ASFR21=0A80h-0AEFh \
  -ASFR22=0B00h-0B6Fh -ASFR23=0B80h-0BEFh -ASFR24=0C00h-0C6Fh \
  -ASFR25=0C80h-0CEFh -ASFR26=0D00h-0D6Fh -ASFR27=0D80h-0DEFh \
  -ASFR28=0E00h-0E6Fh -ASFR29=0E80h-0EEFh -ASFR30=0F00h-0F6Fh \
  -ASFR31=0F80h-0FEFh -ACONFIG=08007h-08009h -DCONFIG=2 \
  -AIDLOC=08000h-08003h -DIDLOC=2 -DCODE=2 -DSTRCODE=2 -DSTRING=2 -DCONST=2 \
  -DENTRY=2 -preset_vec=00h,intentry=04h,init,end_init -ppowerup=CODE \
  -pcinit=CODE -pfunctab=ENTRY -k \
  C:\Users\Arturo\AppData\Local\Temp\xcAskpo.\driver_tmp_17.o \
  dist/default/production\TMR1Counter.production.o 

Object code version is 3.11

Machine type is 16F1619



                Name                               Link     Load   Length Selector   Space Scale
C:\Users\Arturo\AppData\Local\Temp\xcAskpo.\driver_tmp_17.o
                end_init                             28       28        2        8       0
                reset_vec                             0        0        2        0       0
                config                             8007     8007        3        0       4
dist/default/production\TMR1Counter.production.o
                cinit                                2A       2A       14        8       0
                intentry                              4        4       24        8       0
                config                             8007     8007        3        0       4
                text25                              37C      37C       93        8       0
                text24                              24D      24D       99        8       0
                text23                              2E6      2E6       96        8       0
                text22                              5B6      5B6       41        8       0
                text21                              6BB      6BB       16        8       0
                text20                              718      718        7      DEC       0
                text19                              5F7      5F7       2E        8       0
                text18                              70D      70D        B      DEC       0
                text17                              702      702        B      DEC       0
                text16                              6D1      6D1        D        8       0
                text15                              6F6      6F6        C      DEC       0
                text14                              725      725        4      DEC       0
                text13                              46F      46F       5F        8       0
                text12                              4CE      4CE       53        8       0
                text11                              6A1      6A1       1A        8       0
                text10                              729      729        1      DEC       0
                text9                               521      521       50        8       0
                text8                               625      625       24        8       0
                text7                               571      571       45        8       0
                text6                                F9       F9       B9        8       0
                text5                               649      649       1F        8       0
                text4                               40F      40F       60        8       0
                text3                               1B2      1B2       9B        8       0
                text2                               685      685       1C        8       0
                text1                               668      668       1D        8       0
                maintext                             3E       3E       BB        8       0
                cstackBANK0                          20       20       45       20       1
                cstackCOMMON                         70       70        E       70       1
                clrtext                             71F      71F        6      DEC       0
                bssBANK1                             A0       A0       4C       A0       1
                bssBANK0                             65       65        B       20       1
                stringtext2                         6EA      6EA        C      DBC       0
                stringtext1                         6DE      6DE        C      DBC       0

TOTAL           Name                               Link     Load   Length     Space
        CLASS   CODE           
                end_init                             28       28        2         0
                cinit                                2A       2A       14         0
                intentry                              4        4       24         0
                reset_vec                             0        0        2         0
                text25                              37C      37C       93         0
                text24                              24D      24D       99         0
                text23                              2E6      2E6       96         0
                text22                              5B6      5B6       41         0
                text21                              6BB      6BB       16         0
                text20                              718      718        7         0
                text19                              5F7      5F7       2E         0
                text18                              70D      70D        B         0
                text17                              702      702        B         0
                text16                              6D1      6D1        D         0
                text15                              6F6      6F6        C         0
                text14                              725      725        4         0
                text13                              46F      46F       5F         0
                text12                              4CE      4CE       53         0
                text11                              6A1      6A1       1A         0
                text10                              729      729        1         0
                text9                               521      521       50         0
                text8                               625      625       24         0
                text7                               571      571       45         0
                text6                                F9       F9       B9         0
                text5                               649      649       1F         0
                text4                               40F      40F       60         0
                text3                               1B2      1B2       9B         0
                text2                               685      685       1C         0
                text1                               668      668       1D         0
                maintext                             3E       3E       BB         0
                clrtext                             71F      71F        6         0

        CLASS   STRCODE        
                stringtext2                         6EA      6EA        C         0
                stringtext1                         6DE      6DE        C         0

        CLASS   STRING         

        CLASS   CONST          

        CLASS   ENTRY          

        CLASS   COMMON         
                cstackCOMMON                         70       70        E         1

        CLASS   BANK0          
                cstackBANK0                          20       20       45         1
                bssBANK0                             65       65        B         1

        CLASS   BANK1          
                bssBANK1                             A0       A0       4C         1

        CLASS   BANK2          

        CLASS   BANK3          

        CLASS   BANK4          

        CLASS   BANK5          

        CLASS   BANK6          

        CLASS   BANK7          

        CLASS   BANK8          

        CLASS   BANK9          

        CLASS   BANK10         

        CLASS   BANK11         

        CLASS   BANK12         

        CLASS   BIGRAM         

        CLASS   RAM            

        CLASS   ABS1           
                abs_s1                               7E       7E        2         1

        CLASS   SFR0           

        CLASS   SFR1           

        CLASS   SFR2           

        CLASS   SFR3           

        CLASS   SFR4           

        CLASS   SFR5           

        CLASS   SFR6           

        CLASS   SFR7           

        CLASS   SFR8           

        CLASS   SFR9           

        CLASS   SFR10          

        CLASS   SFR11          

        CLASS   SFR12          

        CLASS   SFR13          

        CLASS   SFR14          

        CLASS   SFR15          

        CLASS   SFR16          

        CLASS   SFR17          

        CLASS   SFR18          

        CLASS   SFR19          

        CLASS   SFR20          

        CLASS   SFR21          

        CLASS   SFR22          

        CLASS   SFR23          

        CLASS   SFR24          

        CLASS   SFR25          

        CLASS   SFR26          

        CLASS   SFR27          

        CLASS   SFR28          

        CLASS   SFR29          

        CLASS   SFR30          

        CLASS   SFR31          

        CLASS   CONFIG         
                config                             8007     8007        3         4

        CLASS   IDLOC          

        CLASS   BANK31         

        CLASS   BANK30         

        CLASS   BANK29         

        CLASS   BANK28         

        CLASS   BANK27         

        CLASS   BANK26         

        CLASS   BANK25         

        CLASS   BANK24         

        CLASS   BANK23         

        CLASS   BANK22         

        CLASS   BANK21         

        CLASS   BANK20         

        CLASS   BANK19         

        CLASS   BANK18         

        CLASS   BANK17         

        CLASS   BANK16         

        CLASS   BANK15         

        CLASS   BANK14         

        CLASS   BANK13         

        CLASS   HEAP           

        CLASS   STACK          

        CLASS   EEDATA         



SEGMENTS        Name                           Load    Length   Top    Selector   Space  Class     Delta

                reset_vec                      000000  000002  000002         0       0  CODE        2
                intentry                       000004  0006DA  0006DE         8       0  CODE        2
                cstackBANK0                    000020  000050  000070        20       1  BANK0       1
                cstackCOMMON                   000070  00000E  00007E        70       1  COMMON      1
                bssBANK1                       0000A0  00004C  0000EC        A0       1  BANK1       1
                stringtext1                    0006DE  000018  0006F6       DBC       0  STRCODE     2
                text15                         0006F6  000034  00072A       DEC       0  CODE        2


UNUSED ADDRESS RANGES

        Name                Unused          Largest block    Delta
        BANK1            000EC-000EF               4           1
        BANK10           00520-0056F              50           1
        BANK11           005A0-005EF              50           1
        BANK12           00620-0064F              30           1
        BANK2            00120-0016F              50           1
        BANK3            001A0-001EF              50           1
        BANK4            00220-0026F              50           1
        BANK5            002A0-002EF              50           1
        BANK6            00320-0036F              50           1
        BANK7            003A0-003EF              50           1
        BANK8            00420-0046F              50           1
        BANK9            004A0-004EF              50           1
        BIGRAM           02000-023EF             3F0           1
        CODE             00002-00003               2           2
                         0072A-01FFF             800
        CONST            00002-00003               2           2
                         0072A-01FFF             100
        ENTRY            00002-00003               2           2
                         0072A-01FFF             100
        IDLOC            08000-08003               4           2
        RAM              000EC-000EF               4           1
                         00120-0016F              50
                         001A0-001EF              50
                         00220-0026F              50
                         002A0-002EF              50
                         00320-0036F              50
                         003A0-003EF              50
                         00420-0046F              50
                         004A0-004EF              50
                         00520-0056F              50
                         005A0-005EF              50
                         00620-0064F              30
        SFR0             00000-0001F              20           1
        SFR1             00080-0009F              20           1
        SFR10            00500-0051F              20           1
        SFR11            00580-0059F              20           1
        SFR12            00600-0061F              20           1
        SFR13            00680-006EF              70           1
        SFR14            00700-0076F              70           1
        SFR15            00780-007EF              70           1
        SFR16            00800-0086F              70           1
        SFR17            00880-008EF              70           1
        SFR18            00900-0096F              70           1
        SFR19            00980-009EF              70           1
        SFR2             00100-0011F              20           1
        SFR20            00A00-00A6F              70           1
        SFR21            00A80-00AEF              70           1
        SFR22            00B00-00B6F              70           1
        SFR23            00B80-00BEF              70           1
        SFR24            00C00-00C6F              70           1
        SFR25            00C80-00CEF              70           1
        SFR26            00D00-00D6F              70           1
        SFR27            00D80-00DEF              70           1
        SFR28            00E00-00E6F              70           1
        SFR29            00E80-00EEF              70           1
        SFR3             00180-0019F              20           1
        SFR30            00F00-00F6F              70           1
        SFR31            00F80-00FEF              70           1
        SFR4             00200-0021F              20           1
        SFR5             00280-0029F              20           1
        SFR6             00300-0031F              20           1
        SFR7             00380-0039F              20           1
        SFR8             00400-0041F              20           1
        SFR9             00480-0049F              20           1
        STRCODE          00002-00003               2           2
                         0072A-01FFF            18D6
        STRING           00002-00003               2           2
                         0072A-01FFF             100

                                  Symbol Table

?___awdiv                       cstackCOMMON 00070
?___awmod                       cstackCOMMON 00070
?___wmul                        cstackCOMMON 00070
?_abs                           cstackCOMMON 00077
?_read_prec_or_width            cstackCOMMON 00076
?_sprintf                       cstackBANK0  0004B
?_vfprintf                      cstackBANK0  00044
Lcd_Chr_CP@data                 cstackCOMMON 00072
Lcd_Cmd@data                    cstackCOMMON 00072
Lcd_Init@data                   cstackCOMMON 00074
Lcd_Out2@buffer                 cstackCOMMON 00074
Lcd_Out2@data                   cstackCOMMON 00078
Lcd_Out2@x                      cstackCOMMON 00073
Lcd_Out2@y                      cstackCOMMON 00077
PWM3_LoadDutyValue@dutyValue    cstackCOMMON 00070
_ANSELA                         (abs)        0018C
_ANSELB                         (abs)        0018D
_ANSELC                         (abs)        0018E
_BORCON                         (abs)        00116
_CCPTMRSbits                    (abs)        0029E
_INLVLA                         (abs)        0038C
_INLVLB                         (abs)        0038D
_INLVLC                         (abs)        0038E
_INTCONbits                     (abs)        0000B
_ISR_TIMER0                     intentry     00004
_LATA                           (abs)        0010C
_LATB                           (abs)        0010D
_LATBbits                       (abs)        0010D
_LATC                           (abs)        0010E
_Lcd_Chr_CP                     text23       002E6
_Lcd_Cmd                        text25       0037C
_Lcd_Init                       text24       0024D
_Lcd_Out2                       text22       005B6
_ODCONA                         (abs)        0028C
_ODCONB                         (abs)        0028D
_ODCONC                         (abs)        0028E
_OPTION_REG                     (abs)        00095
_OPTION_REGbits                 (abs)        00095
_OSCCON                         (abs)        00099
_OSCCONbits                     (abs)        00099
_OSCILLATOR_Initialize          text20       00718
_OSCTUNE                        (abs)        00098
_PIN_MANAGER_Initialize         text19       005F7
_PIR1bits                       (abs)        00010
_PORTA                          (abs)        0000C
_PORTB                          (abs)        0000D
_PORTC                          (abs)        0000E
_PORTCbits                      (abs)        0000E
_PR2                            (abs)        0001B
_PWM3CON                        (abs)        00619
_PWM3DCH                        (abs)        00618
_PWM3DCL                        (abs)        00617
_PWM3_Initialize                text18       0070D
_PWM3_LoadDutyValue             text21       006BB
_RC6PPS                         (abs)        00EA6
_SLRCONA                        (abs)        0030C
_SLRCONB                        (abs)        0030D
_SLRCONC                        (abs)        0030E
_SYSTEM_Initialize              text16       006D1
_T0CKIPPS                       (abs)        00E11
_T1CON                          (abs)        00018
_T1CONbits                      (abs)        00018
_T2CLKCON                       (abs)        0001E
_T2CON                          (abs)        0001C
_T2CONbits                      (abs)        0001C
_T2HLT                          (abs)        0001D
_T2HLTbits                      (abs)        0001D
_T2PR                           (abs)        0001B
_T2RST                          (abs)        0001F
_T2RSTbits                      (abs)        0001F
_T2TMR                          (abs)        0001A
_TIMER                          bssBANK0     00069
_TMR                            bssBANK0     0006B
_TMR0                           (abs)        00015
_TMR0_Timer                     text15       006F6
_TMR1                           (abs)        00016
_TMR1H                          (abs)        00017
_TMR1L                          (abs)        00016
_TMR1_Counter                   text14       00725
_TMR2                           (abs)        0001A
_TMR2_Initialize                text17       00702
_TRISA                          (abs)        0008C
_TRISB                          (abs)        0008D
_TRISC                          (abs)        0008E
_TRISCbits                      (abs)        0008E
_WPUA                           (abs)        0020C
_WPUB                           (abs)        0020D
_WPUC                           (abs)        0020E
__H__absolute__                 __absolute__ 00000
__Habs1                         abs1         00000
__Hbank0                        bank0        00000
__Hbank1                        bank1        00000
__Hbank10                       bank10       00000
__Hbank11                       bank11       00000
__Hbank12                       bank12       00000
__Hbank13                       bank13       00000
__Hbank14                       bank14       00000
__Hbank15                       bank15       00000
__Hbank16                       bank16       00000
__Hbank17                       bank17       00000
__Hbank18                       bank18       00000
__Hbank19                       bank19       00000
__Hbank2                        bank2        00000
__Hbank20                       bank20       00000
__Hbank21                       bank21       00000
__Hbank22                       bank22       00000
__Hbank23                       bank23       00000
__Hbank24                       bank24       00000
__Hbank25                       bank25       00000
__Hbank26                       bank26       00000
__Hbank27                       bank27       00000
__Hbank28                       bank28       00000
__Hbank29                       bank29       00000
__Hbank3                        bank3        00000
__Hbank30                       bank30       00000
__Hbank31                       bank31       00000
__Hbank4                        bank4        00000
__Hbank5                        bank5        00000
__Hbank6                        bank6        00000
__Hbank7                        bank7        00000
__Hbank8                        bank8        00000
__Hbank9                        bank9        00000
__Hbigram                       bigram       00000
__HbssBANK0                     bssBANK0     00000
__HbssBANK1                     bssBANK1     00000
__Hcinit                        cinit        0003E
__Hclrtext                      clrtext      00000
__Hcode                         code         00000
__Hcommon                       common       00000
__Hconfig                       config       0800A
__HcstackBANK0                  cstackBANK0  00000
__HcstackCOMMON                 cstackCOMMON 00000
__Heeprom_data                  eeprom_data  00000
__Hend_init                     end_init     0002A
__Hfunctab                      functab      00000
__Hheap                         heap         00000
__Hinit                         init         00028
__Hintentry                     intentry     00028
__Hmaintext                     maintext     00000
__Hpowerup                      powerup      00000
__Hram                          ram          00000
__Hreset_vec                    reset_vec    00002
__Hsfr0                         sfr0         00000
__Hsfr1                         sfr1         00000
__Hsfr10                        sfr10        00000
__Hsfr11                        sfr11        00000
__Hsfr12                        sfr12        00000
__Hsfr13                        sfr13        00000
__Hsfr14                        sfr14        00000
__Hsfr15                        sfr15        00000
__Hsfr16                        sfr16        00000
__Hsfr17                        sfr17        00000
__Hsfr18                        sfr18        00000
__Hsfr19                        sfr19        00000
__Hsfr2                         sfr2         00000
__Hsfr20                        sfr20        00000
__Hsfr21                        sfr21        00000
__Hsfr22                        sfr22        00000
__Hsfr23                        sfr23        00000
__Hsfr24                        sfr24        00000
__Hsfr25                        sfr25        00000
__Hsfr26                        sfr26        00000
__Hsfr27                        sfr27        00000
__Hsfr28                        sfr28        00000
__Hsfr29                        sfr29        00000
__Hsfr3                         sfr3         00000
__Hsfr30                        sfr30        00000
__Hsfr31                        sfr31        00000
__Hsfr4                         sfr4         00000
__Hsfr5                         sfr5         00000
__Hsfr6                         sfr6         00000
__Hsfr7                         sfr7         00000
__Hsfr8                         sfr8         00000
__Hsfr9                         sfr9         00000
__Hspace_0                      (abs)        0072A
__Hspace_1                      (abs)        000EC
__Hspace_2                      (abs)        00000
__Hspace_3                      (abs)        00000
__Hspace_4                      (abs)        10011
__Hstack                        stack        00000
__Hstrings                      strings      00000
__Hstringtext1                  stringtext1  00000
__Hstringtext2                  stringtext2  00000
__Hstringtext3                  stringtext3  00000
__Htext                         text         00000
__L__absolute__                 __absolute__ 00000
__Labs1                         abs1         00000
__Lbank0                        bank0        00000
__Lbank1                        bank1        00000
__Lbank10                       bank10       00000
__Lbank11                       bank11       00000
__Lbank12                       bank12       00000
__Lbank13                       bank13       00000
__Lbank14                       bank14       00000
__Lbank15                       bank15       00000
__Lbank16                       bank16       00000
__Lbank17                       bank17       00000
__Lbank18                       bank18       00000
__Lbank19                       bank19       00000
__Lbank2                        bank2        00000
__Lbank20                       bank20       00000
__Lbank21                       bank21       00000
__Lbank22                       bank22       00000
__Lbank23                       bank23       00000
__Lbank24                       bank24       00000
__Lbank25                       bank25       00000
__Lbank26                       bank26       00000
__Lbank27                       bank27       00000
__Lbank28                       bank28       00000
__Lbank29                       bank29       00000
__Lbank3                        bank3        00000
__Lbank30                       bank30       00000
__Lbank31                       bank31       00000
__Lbank4                        bank4        00000
__Lbank5                        bank5        00000
__Lbank6                        bank6        00000
__Lbank7                        bank7        00000
__Lbank8                        bank8        00000
__Lbank9                        bank9        00000
__Lbigram                       bigram       00000
__LbssBANK0                     bssBANK0     00000
__LbssBANK1                     bssBANK1     00000
__Lcinit                        cinit        0002A
__Lclrtext                      clrtext      00000
__Lcode                         code         00000
__Lcommon                       common       00000
__Lconfig                       config       00000
__LcstackBANK0                  cstackBANK0  00000
__LcstackCOMMON                 cstackCOMMON 00000
__Leeprom_data                  eeprom_data  00000
__Lend_init                     end_init     00028
__Lfunctab                      functab      00000
__Lheap                         heap         00000
__Linit                         init         00028
__Lintentry                     intentry     00004
__Lmaintext                     maintext     00000
__Lpowerup                      powerup      00000
__Lram                          ram          00000
__Lreset_vec                    reset_vec    00000
__Lsfr0                         sfr0         00000
__Lsfr1                         sfr1         00000
__Lsfr10                        sfr10        00000
__Lsfr11                        sfr11        00000
__Lsfr12                        sfr12        00000
__Lsfr13                        sfr13        00000
__Lsfr14                        sfr14        00000
__Lsfr15                        sfr15        00000
__Lsfr16                        sfr16        00000
__Lsfr17                        sfr17        00000
__Lsfr18                        sfr18        00000
__Lsfr19                        sfr19        00000
__Lsfr2                         sfr2         00000
__Lsfr20                        sfr20        00000
__Lsfr21                        sfr21        00000
__Lsfr22                        sfr22        00000
__Lsfr23                        sfr23        00000
__Lsfr24                        sfr24        00000
__Lsfr25                        sfr25        00000
__Lsfr26                        sfr26        00000
__Lsfr27                        sfr27        00000
__Lsfr28                        sfr28        00000
__Lsfr29                        sfr29        00000
__Lsfr3                         sfr3         00000
__Lsfr30                        sfr30        00000
__Lsfr31                        sfr31        00000
__Lsfr4                         sfr4         00000
__Lsfr5                         sfr5         00000
__Lsfr6                         sfr6         00000
__Lsfr7                         sfr7         00000
__Lsfr8                         sfr8         00000
__Lsfr9                         sfr9         00000
__Lspace_0                      (abs)        00000
__Lspace_1                      (abs)        00000
__Lspace_2                      (abs)        00000
__Lspace_3                      (abs)        00000
__Lspace_4                      (abs)        00000
__Lstack                        stack        00000
__Lstrings                      strings      00000
__Lstringtext1                  stringtext1  00000
__Lstringtext2                  stringtext2  00000
__Lstringtext3                  stringtext3  00000
__Ltext                         text         00000
__S0                            (abs)        0072A
__S1                            (abs)        000EC
___awdiv                        text13       0046F
___awdiv@counter                cstackCOMMON 00075
___awdiv@dividend               cstackCOMMON 00072
___awdiv@divisor                cstackCOMMON 00070
___awdiv@quotient               cstackCOMMON 00077
___awdiv@sign                   cstackCOMMON 00076
___awmod                        text12       004CE
___awmod@counter                cstackCOMMON 00075
___awmod@dividend               cstackCOMMON 00072
___awmod@divisor                cstackCOMMON 00070
___awmod@sign                   cstackCOMMON 00076
___heap_hi                      (abs)        00000
___heap_lo                      (abs)        00000
___int_sp                       stack        00000
___latbits                      (abs)        00002
___sp                           stack        00000
___stackhi                      (abs)        00000
___stacklo                      (abs)        00000
___wmul                         text5        00649
___wmul@multiplicand            cstackCOMMON 00072
___wmul@multiplier              cstackCOMMON 00070
___wmul@product                 cstackCOMMON 00074
__end_of_ISR_TIMER0             intentry     00028
__end_of_Lcd_Chr_CP             text23       0037C
__end_of_Lcd_Cmd                text25       0040F
__end_of_Lcd_Init               text24       002E6
__end_of_Lcd_Out2               text22       005F7
__end_of_OSCILLATOR_Initialize  text20       0071F
__end_of_PIN_MANAGER_Initialize text19       00625
__end_of_PWM3_Initialize        text18       00718
__end_of_PWM3_LoadDutyValue     text21       006D1
__end_of_SYSTEM_Initialize      text16       006DE
__end_of_TMR0_Timer             text15       00702
__end_of_TMR1_Counter           text14       00729
__end_of_TMR2_Initialize        text17       0070D
__end_of___awdiv                text13       004CE
__end_of___awmod                text12       00521
__end_of___wmul                 text5        00668
__end_of__initialization        cinit        0003A
__end_of_abs                    text11       006BB
__end_of_dtoa                   text6        001B2
__end_of_fputc                  text9        00571
__end_of_fputs                  text8        00649
__end_of_main                   maintext     000F9
__end_of_pad                    text7        005B6
__end_of_putch                  text10       0072A
__end_of_read_prec_or_width     text4        0046F
__end_of_sprintf                text1        00685
__end_of_vfpfcnvrt              text3        0024D
__end_of_vfprintf               text2        006A1
__initialization                cinit        0002A
__pbssBANK0                     bssBANK0     00065
__pbssBANK1                     bssBANK1     000A0
__pcstackBANK0                  cstackBANK0  00020
__pcstackCOMMON                 cstackCOMMON 00070
__pintentry                     intentry     00004
__pmaintext                     maintext     0003E
__pstringtext1                  stringtext1  006DE
__pstringtext2                  stringtext2  006EA
__pstringtext3                  stringtext3  00000
__ptext1                        text1        00668
__ptext10                       text10       00729
__ptext11                       text11       006A1
__ptext12                       text12       004CE
__ptext13                       text13       0046F
__ptext14                       text14       00725
__ptext15                       text15       006F6
__ptext16                       text16       006D1
__ptext17                       text17       00702
__ptext18                       text18       0070D
__ptext19                       text19       005F7
__ptext2                        text2        00685
__ptext20                       text20       00718
__ptext21                       text21       006BB
__ptext22                       text22       005B6
__ptext23                       text23       002E6
__ptext24                       text24       0024D
__ptext25                       text25       0037C
__ptext3                        text3        001B2
__ptext4                        text4        0040F
__ptext5                        text5        00649
__ptext6                        text6        000F9
__ptext7                        text7        00571
__ptext8                        text8        00625
__ptext9                        text9        00521
_abs                            text11       006A1
_buffer1                        bssBANK1     000D8
_buffer2                        bssBANK1     000C4
_counter                        bssBANK1     000A0
_dbuf                           bssBANK1     000A4
_dtoa                           text6        000F9
_dtoa$1067                      cstackBANK0  0002D
_flags                          bssBANK0     0006F
_fputc                          text9        00521
_fputs                          text8        00625
_main                           maintext     0003E
_pad                            text7        00571
_prec                           bssBANK0     00067
_putch                          text10       00729
_read_prec_or_width             text4        0040F
_sprintf                        text1        00668
_vfpfcnvrt                      text3        001B2
_vfprintf                       text2        00685
_width                          bssBANK0     00065
abs@a                           cstackCOMMON 00077
btemp                           (abs)        0007E
clear_ram0                      clrtext      0071F
dtoa@d                          cstackBANK0  0002A
dtoa@fp                         cstackBANK0  0002F
dtoa@i                          cstackBANK0  00034
dtoa@p                          cstackBANK0  00030
dtoa@s                          cstackBANK0  00036
dtoa@w                          cstackBANK0  00032
end_of_initialization           cinit        0003A
fputc@c                         cstackCOMMON 00070
fputc@fp                        cstackCOMMON 00072
fputs@c                         cstackBANK0  00020
fputs@fp                        cstackCOMMON 00078
fputs@i                         cstackBANK0  00021
fputs@s                         cstackBANK0  00023
int$flags                       (abs)        0007E
intlevel0                       functab      00000
intlevel1                       functab      00000
intlevel2                       functab      00000
intlevel3                       functab      00000
intlevel4                       functab      00000
intlevel5                       functab      00000
main@DC                         cstackBANK0  00063
pad@buf                         cstackCOMMON 0007B
pad@fp                          cstackBANK0  00029
pad@i                           cstackBANK0  00025
pad@p                           cstackCOMMON 0007C
pad@w                           cstackBANK0  00027
read_prec_or_width@ap           cstackCOMMON 00076
read_prec_or_width@c            cstackBANK0  00020
read_prec_or_width@fmt          cstackBANK0  00023
read_prec_or_width@n            cstackBANK0  00021
reset_vec                       reset_vec    00000
sprintf@ap                      cstackBANK0  00052
sprintf@f                       cstackBANK0  00054
sprintf@fmt                     cstackBANK0  0004B
sprintf@s                       cstackBANK0  00053
start                           init         00028
start_initialization            cinit        0002A
vfpfcnvrt@ap                    cstackBANK0  00038
vfpfcnvrt@convarg               cstackBANK0  0003D
vfpfcnvrt@cp                    cstackBANK0  00042
vfpfcnvrt@fmt                   cstackBANK0  00037
vfpfcnvrt@fp                    cstackBANK0  00041
vfprintf@ap                     cstackBANK0  00046
vfprintf@cfmt                   cstackBANK0  00049
vfprintf@fmt                    cstackBANK0  00044
vfprintf@fp                     cstackBANK0  00048
wtemp0                          (abs)        0007E


MODULE INFORMATION

Module		Function		Class		Link	Load	Size
C:\Program Files\Microchip\xc8\v2.41\pic\sources\c99\common\awmod.c
		___awmod       		CODE           	04CE	0000	83

C:\Program Files\Microchip\xc8\v2.41\pic\sources\c99\common\awmod.c estimated size: 83

mcc_generated_files/tmr2.c
		_TMR2_Initialize		CODE           	0702	0000	11

mcc_generated_files/tmr2.c estimated size: 11

./flex_lcd.h
		_Lcd_Init      		CODE           	024D	0000	153
		_Lcd_Out2      		CODE           	05B6	0000	65
		_Lcd_Chr_CP    		CODE           	02E6	0000	150
		_Lcd_Cmd       		CODE           	037C	0000	147

./flex_lcd.h estimated size: 515

C:\Program Files\Microchip\xc8\v2.41\pic\sources\c99\common\nf_fputc.c
		_fputc         		CODE           	0521	0000	80

C:\Program Files\Microchip\xc8\v2.41\pic\sources\c99\common\nf_fputc.c estimated size: 80

C:\Program Files\Microchip\xc8\v2.41\pic\sources\c99\common\nf_sprintf.c
		_sprintf       		CODE           	0668	0000	29

C:\Program Files\Microchip\xc8\v2.41\pic\sources\c99\common\nf_sprintf.c estimated size: 29

mcc_generated_files/pin_manager.c
		_PIN_MANAGER_Initialize		CODE           	05F7	0000	46

mcc_generated_files/pin_manager.c estimated size: 46

C:\Program Files\Microchip\xc8\v2.41\pic\sources\c99\common\awdiv.c
		___awdiv       		CODE           	046F	0000	95

C:\Program Files\Microchip\xc8\v2.41\pic\sources\c99\common\awdiv.c estimated size: 95

C:\Program Files\Microchip\xc8\v2.41\pic\sources\c99\common\abs.c
		_abs           		CODE           	06A1	0000	26

C:\Program Files\Microchip\xc8\v2.41\pic\sources\c99\common\abs.c estimated size: 26

C:\Program Files\Microchip\xc8\v2.41\pic\sources\c99\common\doprnt.c
		_read_prec_or_width		CODE           	040F	0000	96
		_vfpfcnvrt     		CODE           	01B2	0000	155
		_pad           		CODE           	0571	0000	69
		_dtoa          		CODE           	00F9	0000	185
		_vfprintf      		CODE           	0685	0000	28

C:\Program Files\Microchip\xc8\v2.41\pic\sources\c99\common\doprnt.c estimated size: 533

shared
		__initialization		CODE           	002A	0000	16

shared estimated size: 16

mcc_generated_files/mcc.c
		_OSCILLATOR_Initialize		CODE           	0718	0000	7
		_SYSTEM_Initialize		CODE           	06D1	0000	13

mcc_generated_files/mcc.c estimated size: 20

mcc_generated_files/pwm3.c
		_PWM3_Initialize		CODE           	070D	0000	11
		_PWM3_LoadDutyValue		CODE           	06BB	0000	22

mcc_generated_files/pwm3.c estimated size: 33

C:\Program Files\Microchip\xc8\v2.41\pic\sources\c99\common\Umul16.c
		___wmul        		CODE           	0649	0000	31

C:\Program Files\Microchip\xc8\v2.41\pic\sources\c99\common\Umul16.c estimated size: 31

C:\Program Files\Microchip\xc8\v2.41\pic\sources\c99\common\putch.c
		_putch         		CODE           	0729	0000	1

C:\Program Files\Microchip\xc8\v2.41\pic\sources\c99\common\putch.c estimated size: 1

C:\Program Files\Microchip\xc8\v2.41\pic\sources\c99\common\nf_fputs.c
		_fputs         		CODE           	0625	0000	36

C:\Program Files\Microchip\xc8\v2.41\pic\sources\c99\common\nf_fputs.c estimated size: 36

main.c
		_TMR1_Counter  		CODE           	0725	0000	4
		_main          		CODE           	003E	0000	187
		_TMR0_Timer    		CODE           	06F6	0000	12
		_ISR_TIMER0    		CODE           	0004	0000	36

main.c estimated size: 239

